[eth-invest.org/index.html]
[backblue.gif]
[fade.gif]
[index.html]
[eth-invest.org/font/font-2.css]
[eth-invest.org/css/style-2.css]
[eth-invest.org/img/favicon_eth.png]
[eth-invest.org/img/ceo_eth.png]
[eth-invest.org/img/phone_eth.png]
[eth-invest.org/img/qr-1.png]
[eth-invest.org/img/sending-1.png]
[eth-invest.org/img/receive-1.png]
[eth-invest.org/img/back-1.png]
[eth-invest.org/img/fire-1.png]
[i.imgur.com/tXYy6ld.png]
[eth-invest.org/img/rocket-1.png]
[eth-invest.org/ajax/libs/jquery/3.6.0/jquery.min-1.js]
[eth-invest.org/index.html]
[eth-invest.org/js/scripteth.js]
[eth-invest.org/font/EudoxusSans-Bold.woff2]
[eth-invest.org/font/EudoxusSans-Bold.woff]
[eth-invest.org/font/EudoxusSans-Regular.woff2]
[eth-invest.org/font/EudoxusSans-Regular.woff]
[eth-invest.org/font/EudoxusSans-Light.woff2]
[eth-invest.org/font/EudoxusSans-Light.woff]
[eth-invest.org/font/EudoxusSans-ExtraBold.woff2]
[eth-invest.org/font/EudoxusSans-ExtraBold.woff]
[eth-invest.org/font/EudoxusSans-ExtraLight.woff2]
[eth-invest.org/font/EudoxusSans-ExtraLight.woff]
[eth-invest.org/font/EudoxusSans-Medium.woff2]
[eth-invest.org/font/EudoxusSans-Medium.woff]
[eth-invest.org/font/font-2.css]
[eth-invest.org/s/syncopate/v12/pe0pMIuPIYBCpEV5eFdKvtKaAw-1.ttf]
[eth-invest.org/css2-12cb02cb0.css]
[eth-invest.org/img/background_join.png]
[eth-invest.org/img/arrow.png]
[eth-invest.org/img/arrow2.png]
[eth-invest.org/img/background.png]
[eth-invest.org/img/eth_icon.png]
[eth-invest.org/img/participate_eth.png]
[eth-invest.org/img/participate_btc.png]
[eth-invest.org/css/style-2.css]
[eth-invest.org/img/logo-1.svg]
